// Jest Snapshot v1, https://goo.gl/fbAQLP

exports[`Nav renders correctly 1`] = `
<DocumentFragment>
  <header>
    <nav
      class="nav"
      title="main-navigation"
    >
      <ul
        class="nav__items-left"
      >
        <li
          class="nav__item-logo"
        >
          <a
            class="svg__logo_link"
            href="/"
          >
            <div
              aria-label="Common.p5logoARIA"
              focusable="false"
              style="font-weight: 900;"
            >
              p5
            </div>
            <div
              aria-label="Common.p5logoARIA"
              focusable="false"
              style="font-weight: 100; margin-left: 7px;"
            >
               * cs111
            </div>
          </a>
        </li>
        <li
          class="nav__item"
        >
          <button>
            <span
              class="nav__item-header"
            />
            <test-file-stub
              aria-hidden="true"
              classname="nav__item-header-triangle"
              focusable="false"
            />
          </button>
          <ul
            class="nav__dropdown"
          >
            <li
              class="nav__dropdown-item"
            >
              <button />
            </li>
            <li
              class="nav__dropdown-item"
            >
              <button>
                <span
                  class="nav__keyboard-shortcut"
                >
                  ⌃+Enter
                </span>
              </button>
            </li>
            <li
              class="nav__dropdown-item"
            >
              <button>
                <span
                  class="nav__keyboard-shortcut"
                >
                  ⇧+⌃+Enter
                </span>
              </button>
            </li>
            <li
              class="nav__dropdown-item"
            >
              <button />
            </li>
            <li
              class="nav__dropdown-item"
            >
              <button />
            </li>
            <li
              class="nav__dropdown-item"
            >
              <a />
            </li>
          </ul>
        </li>
        <li
          class="nav__item"
        >
          <button>
            <span
              class="nav__item-header"
            />
            <test-file-stub
              aria-hidden="true"
              classname="nav__item-header-triangle"
              focusable="false"
            />
          </button>
          <ul
            class="nav__dropdown"
          >
            <li
              class="nav__dropdown-item"
            >
              <button>
                <span
                  class="nav__keyboard-shortcut"
                >
                  ⇧+Tab
                </span>
              </button>
            </li>
            <li
              class="nav__dropdown-item"
            >
              <button>
                <span
                  class="nav__keyboard-shortcut"
                >
                  ⌃+F
                </span>
              </button>
            </li>
            <li
              class="nav__dropdown-item"
            >
              <button>
                <span
                  class="nav__keyboard-shortcut"
                >
                  ⌃+G
                </span>
              </button>
            </li>
            <li
              class="nav__dropdown-item"
            >
              <button>
                <span
                  class="nav__keyboard-shortcut"
                >
                  ⇧+⌃+G
                </span>
              </button>
            </li>
            <li
              class="nav__dropdown-item"
            >
              <button>
                <span
                  class="nav__keyboard-shortcut"
                >
                  ⌃+H
                </span>
              </button>
            </li>
          </ul>
        </li>
        <li
          class="nav__item"
        >
          <button>
            <span
              class="nav__item-header"
            />
            <test-file-stub
              aria-hidden="true"
              classname="nav__item-header-triangle"
              focusable="false"
            />
          </button>
          <ul
            class="nav__dropdown"
          >
            <li
              class="nav__dropdown-item"
            >
              <button />
            </li>
            <li
              class="nav__dropdown-item"
            >
              <a
                href="https://p5js.org/reference/"
                rel="noopener noreferrer"
                target="_blank"
              />
            </li>
          </ul>
        </li>
      </ul>
    </nav>
  </header>
</DocumentFragment>
`;
